// Jest Snapshot v1, https://goo.gl/fbAQLP

exports[`generates a versions file 1`] = `
"{
  \\"registry.terraform.io/hashicorp/aws\\": \\"4.0.0\\",
  \\"registry.terraform.io/hashicorp/random\\": \\"3.1.3\\",
  \\"registry.terraform.io/kreuzwerker/docker\\": \\"2.16.0\\"
}
"
`;
